* This is the StructMobWeight report file that is output every time the server starts.
* 
* Spawn Balance Utility (SBU) will use this file ONLY if it is renamed to StructMobWeight.csv.
* Lines starting with '*' are comments and ignored
* It allows you to add and remove mobs and adjust their spawnweights for Structures
* like shipwrecks, nether fortresses, water monuments, etc.
* 
1, hauntedharvest:abandoned_farm, HEADING, header:ignore, 0, 0, 0
2, idas:abandoned_lighthouse, HEADING, header:ignore, 0, 0, 0
3, wan_ancient_beasts:abandoned_village, HEADING, header:ignore, 0, 0, 0
4, idas:abandonedhouse, HEADING, header:ignore, 0, 0, 0
5, alexscaves:abyssal_ruins, HEADING, header:ignore, 0, 0, 0
6, alexscaves:abyssal_ruins, MONSTER, alexscaves:mine_guardian, 20, 1, 2
7, alexscaves:acid_pit, HEADING, header:ignore, 0, 0, 0
8, farmers_structures:aether, HEADING, header:ignore, 0, 0, 0
9, mostructures:air_balloon, HEADING, header:ignore, 0, 0, 0
10, integrated_villages:airship_village, HEADING, header:ignore, 0, 0, 0
11, minecraft:ancient_city, HEADING, header:ignore, 0, 0, 0
12, idas:ancient_mines, HEADING, header:ignore, 0, 0, 0
13, idas:ancient_mines, MONSTER, minecraft:silverfish, 10, 1, 1
14, idas:ancient_mines, MONSTER, quark:wraith, 10, 1, 1
15, wan_ancient_beasts:ancient_nest, HEADING, header:ignore, 0, 0, 0
16, idas:ancient_portal/ancient_portal, HEADING, header:ignore, 0, 0, 0
17, idas:ancient_portal/ancient_portal, MONSTER, minecraft:silverfish, 10, 1, 4
18, idas:ancient_portal/ancient_portal, MONSTER, quark:wraith, 10, 1, 4
19, idas:ancient_portal/nether_ancient_portal, HEADING, header:ignore, 0, 0, 0
20, idas:ancient_portal/nether_ancient_portal, MONSTER, quark:wraith, 10, 1, 1
21, idas:ancient_statue/ancient_statue_desert, HEADING, header:ignore, 0, 0, 0
22, idas:ancient_statue/ancient_statue_jungle, HEADING, header:ignore, 0, 0, 0
23, idas:ancient_statue/ancient_statue_plains, HEADING, header:ignore, 0, 0, 0
24, idas:animal_den/forest_den, HEADING, header:ignore, 0, 0, 0
25, idas:animal_den/foxhound_den, HEADING, header:ignore, 0, 0, 0
26, idas:animal_den/polar_bear_den, HEADING, header:ignore, 0, 0, 0
27, spawn:ant_mount, HEADING, header:ignore, 0, 0, 0
28, idas:apothecary_abode, HEADING, header:ignore, 0, 0, 0
29, farmers_structures:aquaculture_beach, HEADING, header:ignore, 0, 0, 0
30, farmers_structures:aquaculture_carp, HEADING, header:ignore, 0, 0, 0
31, farmers_structures:aquaculture_common, HEADING, header:ignore, 0, 0, 0
32, atmospheric:arid_garden, HEADING, header:ignore, 0, 0, 0
33, idas:ars_nouveau/archmages_tower, HEADING, header:ignore, 0, 0, 0
34, paradise_lost:aurel_tower, HEADING, header:ignore, 0, 0, 0
35, nova_structures:badlands_miner_outpost, HEADING, header:ignore, 0, 0, 0
36, mostructures:barn_house, HEADING, header:ignore, 0, 0, 0
37, minecraft:bastion_remnant, HEADING, header:ignore, 0, 0, 0
38, idas:bazaar, HEADING, header:ignore, 0, 0, 0
39, idas:bearclaw_inn, HEADING, header:ignore, 0, 0, 0
40, idas:beekeepers_house, HEADING, header:ignore, 0, 0, 0
41, cloudstorage:big_balloon, HEADING, header:ignore, 0, 0, 0
42, mostructures:big_pyramid, HEADING, header:ignore, 0, 0, 0
43, twigs:bloodstone_obelisk, HEADING, header:ignore, 0, 0, 0
44, oreganized:boulder, HEADING, header:ignore, 0, 0, 0
45, idas:brickhouse, HEADING, header:ignore, 0, 0, 0
46, nova_structures:bunker, HEADING, header:ignore, 0, 0, 0
47, minecraft:buried_treasure, HEADING, header:ignore, 0, 0, 0
48, integrated_villages:cabin_village, HEADING, header:ignore, 0, 0, 0
49, alexscaves:cake_cave, HEADING, header:ignore, 0, 0, 0
50, idas:castle, HEADING, header:ignore, 0, 0, 0
51, eidolon:catacomb, HEADING, header:ignore, 0, 0, 0
52, eidolon:catacomb, MONSTER, eidolon:giant_skeleton, 60, 1, 5
53, undergarden:catacombs, HEADING, header:ignore, 0, 0, 0
54, undergarden:catacombs, MONSTER, undergarden:forgotten, 10, 1, 1
55, netherexp:chapel, HEADING, header:ignore, 0, 0, 0
56, windswept:chestnut_weathered_house, HEADING, header:ignore, 0, 0, 0
57, spelunkery:cinnabar_wire, HEADING, header:ignore, 0, 0, 0
58, nova_structures:conduit_ruin, HEADING, header:ignore, 0, 0, 0
59, nova_structures:conduit_ruin, MONSTER, minecraft:guardian, 10, 1, 1
60, nova_structures:conduit_ruin, MONSTER, minecraft:drowned, 10, 1, 2
61, farmers_structures:cook, HEADING, header:ignore, 0, 0, 0
62, farmers_structures:cook_moss, HEADING, header:ignore, 0, 0, 0
63, farmers_structures:cook_nether_1, HEADING, header:ignore, 0, 0, 0
64, farmers_structures:cook_nether_2, HEADING, header:ignore, 0, 0, 0
65, idas:cottage, HEADING, header:ignore, 0, 0, 0
66, nova_structures:creeping_crypt, HEADING, header:ignore, 0, 0, 0
67, wan_ancient_beasts:dead_coral, HEADING, header:ignore, 0, 0, 0
68, totw_reworked:derelict, HEADING, header:ignore, 0, 0, 0
69, totw_reworked:derelict_grass, HEADING, header:ignore, 0, 0, 0
70, mostructures:desert_abandoned_church, HEADING, header:ignore, 0, 0, 0
71, mostructures:desert_abandoned_church, MONSTER, minecraft:zombie, 10, 3, 7
72, idas:desert_camp/desert_camp, HEADING, header:ignore, 0, 0, 0
73, idas:desert_camp/desert_camp_bygwindswept, HEADING, header:ignore, 0, 0, 0
74, idas:desert_camp/desert_camp_orange, HEADING, header:ignore, 0, 0, 0
75, idas:desert_camp/desert_camp_red, HEADING, header:ignore, 0, 0, 0
76, idas:desert_market/desert_market, HEADING, header:ignore, 0, 0, 0
77, idas:desert_market/desert_market_orange, HEADING, header:ignore, 0, 0, 0
78, idas:desert_market/desert_market_red, HEADING, header:ignore, 0, 0, 0
79, idas:desert_pyramid, HEADING, header:ignore, 0, 0, 0
80, minecraft:desert_pyramid, HEADING, header:ignore, 0, 0, 0
81, nova_structures:desert_ruins, HEADING, header:ignore, 0, 0, 0
82, wan_ancient_beasts:desert_ruins, HEADING, header:ignore, 0, 0, 0
83, wan_ancient_beasts:desert_ruins_small, HEADING, header:ignore, 0, 0, 0
84, betterdeserttemples:desert_temple, HEADING, header:ignore, 0, 0, 0
85, betterdeserttemples:desert_temple, MONSTER, minecraft:husk, 80, 10, 32
86, betterdeserttemples:desert_temple, CREATURE, minecraft:cat, 80, 4, 4
87, betterdeserttemples:desert_temple, CREATURE, minecraft:rabbit, 80, 4, 4
88, netherexp:devils_bluff, HEADING, header:ignore, 0, 0, 0
89, idas:dig_site/dig_site, HEADING, header:ignore, 0, 0, 0
90, idas:dig_site/dig_site_desert, HEADING, header:ignore, 0, 0, 0
91, wan_ancient_beasts:digsite_badlands, HEADING, header:ignore, 0, 0, 0
92, wan_ancient_beasts:digsite_badlands, CREATURE, minecraft:pig, 80, 1, 1
93, wan_ancient_beasts:digsite_desert, HEADING, header:ignore, 0, 0, 0
94, wan_ancient_beasts:digsite_icespikes, HEADING, header:ignore, 0, 0, 0
95, wan_ancient_beasts:digsite_jungle, HEADING, header:ignore, 0, 0, 0
96, wan_ancient_beasts:digsite_large_badlands, HEADING, header:ignore, 0, 0, 0
97, wan_ancient_beasts:digsite_large_desert, HEADING, header:ignore, 0, 0, 0
98, wan_ancient_beasts:digsite_large_icespikes, HEADING, header:ignore, 0, 0, 0
99, wan_ancient_beasts:digsite_large_jungle, HEADING, header:ignore, 0, 0, 0
100, wan_ancient_beasts:digsite_large_oldgrowthtaiga, HEADING, header:ignore, 0, 0, 0
101, wan_ancient_beasts:digsite_large_peaks, HEADING, header:ignore, 0, 0, 0
102, wan_ancient_beasts:digsite_large_plains, HEADING, header:ignore, 0, 0, 0
103, wan_ancient_beasts:digsite_large_savanna, HEADING, header:ignore, 0, 0, 0
104, wan_ancient_beasts:digsite_large_taiga, HEADING, header:ignore, 0, 0, 0
105, wan_ancient_beasts:digsite_oldgrowthtaiga, HEADING, header:ignore, 0, 0, 0
106, wan_ancient_beasts:digsite_peaks, HEADING, header:ignore, 0, 0, 0
107, wan_ancient_beasts:digsite_plains, HEADING, header:ignore, 0, 0, 0
108, wan_ancient_beasts:digsite_savanna, HEADING, header:ignore, 0, 0, 0
109, wan_ancient_beasts:digsite_small_badlands, HEADING, header:ignore, 0, 0, 0
110, wan_ancient_beasts:digsite_small_desert, HEADING, header:ignore, 0, 0, 0
111, wan_ancient_beasts:digsite_small_icespikes, HEADING, header:ignore, 0, 0, 0
112, wan_ancient_beasts:digsite_small_jungle, HEADING, header:ignore, 0, 0, 0
113, wan_ancient_beasts:digsite_small_oldgrowthtaiga, HEADING, header:ignore, 0, 0, 0
114, wan_ancient_beasts:digsite_small_peaks, HEADING, header:ignore, 0, 0, 0
115, wan_ancient_beasts:digsite_small_plains, HEADING, header:ignore, 0, 0, 0
116, wan_ancient_beasts:digsite_small_savanna, HEADING, header:ignore, 0, 0, 0
117, wan_ancient_beasts:digsite_small_taiga, HEADING, header:ignore, 0, 0, 0
118, wan_ancient_beasts:digsite_taiga, HEADING, header:ignore, 0, 0, 0
119, alexscaves:dino_bowl, HEADING, header:ignore, 0, 0, 0
120, nova_structures:donjon, HEADING, header:ignore, 0, 0, 0
121, alexscaves:donut_arch, HEADING, header:ignore, 0, 0, 0
122, nullscape:dragon_skeleton, HEADING, header:ignore, 0, 0, 0
123, endergetic:eetle_nest, HEADING, header:ignore, 0, 0, 0
124, endergetic:eetle_nest, MONSTER, endergetic:charger_eetle, 12, 3, 7
125, endergetic:eetle_nest, MONSTER, endergetic:glider_eetle, 10, 3, 6
126, idas:enchantingtower, HEADING, header:ignore, 0, 0, 0
127, dimdoors:enclosed_endstone_gateway, HEADING, header:ignore, 0, 0, 0
128, dimdoors:enclosed_gateway, HEADING, header:ignore, 0, 0, 0
129, dimdoors:enclosed_mud_gateway, HEADING, header:ignore, 0, 0, 0
130, dimdoors:enclosed_prismarine_gateway, HEADING, header:ignore, 0, 0, 0
131, dimdoors:enclosed_quartz_gateway, HEADING, header:ignore, 0, 0, 0
132, dimdoors:enclosed_red_sandstone_gateway, HEADING, header:ignore, 0, 0, 0
133, dimdoors:enclosed_sandstone_gateway, HEADING, header:ignore, 0, 0, 0
134, minecraft:end_city, HEADING, header:ignore, 0, 0, 0
135, minecraft:end_city, MONSTER, alexsmobs:mimicube, 40, 1, 3
136, habitat:fairy_ring, HEADING, header:ignore, 0, 0, 0
137, habitat:fairy_ring, CREATURE, habitat:pooka, 10, 4, 4
138, idas:farmhouse, HEADING, header:ignore, 0, 0, 0
139, alexscaves:ferrocave, HEADING, header:ignore, 0, 0, 0
140, inq:fil_0, HEADING, header:ignore, 0, 0, 0
141, nova_structures:firewatch_tower_birch, HEADING, header:ignore, 0, 0, 0
142, nova_structures:firewatch_tower_cherry, HEADING, header:ignore, 0, 0, 0
143, nova_structures:firewatch_tower_dark_oak, HEADING, header:ignore, 0, 0, 0
144, nova_structures:firewatch_tower_forest, HEADING, header:ignore, 0, 0, 0
145, nova_structures:firewatch_tower_jungle, HEADING, header:ignore, 0, 0, 0
146, nova_structures:firewatch_tower_mangrove, HEADING, header:ignore, 0, 0, 0
147, nova_structures:firewatch_tower_savanna, HEADING, header:ignore, 0, 0, 0
148, nova_structures:firewatch_tower_swamp, HEADING, header:ignore, 0, 0, 0
149, nova_structures:firewatch_tower_taiga, HEADING, header:ignore, 0, 0, 0
150, idas:fishermans_lodge, HEADING, header:ignore, 0, 0, 0
151, inq:floating_tower, HEADING, header:ignore, 0, 0, 0
152, inq:floating_village, HEADING, header:ignore, 0, 0, 0
153, undergarden:forgotten_vestige, HEADING, header:ignore, 0, 0, 0
154, alexscaves:forlorn_bridge, HEADING, header:ignore, 0, 0, 0
155, alexscaves:forlorn_canyon, HEADING, header:ignore, 0, 0, 0
156, betterfortresses:fortress, HEADING, header:ignore, 0, 0, 0
157, betterfortresses:fortress, MONSTER, minecraft:blaze, 10, 2, 3
158, betterfortresses:fortress, MONSTER, minecraft:zombified_piglin, 10, 4, 4
159, betterfortresses:fortress, MONSTER, minecraft:wither_skeleton, 10, 5, 5
160, betterfortresses:fortress, MONSTER, minecraft:skeleton, 10, 5, 5
161, betterfortresses:fortress, MONSTER, minecraft:magma_cube, 10, 4, 4
162, minecraft:fortress, HEADING, header:ignore, 0, 0, 0
163, minecraft:fortress, MONSTER, minecraft:blaze, 10, 2, 3
164, minecraft:fortress, MONSTER, minecraft:zombified_piglin, 10, 4, 4
165, minecraft:fortress, MONSTER, minecraft:wither_skeleton, 10, 5, 5
166, minecraft:fortress, MONSTER, minecraft:skeleton, 10, 5, 5
167, minecraft:fortress, MONSTER, minecraft:magma_cube, 10, 4, 4
168, mowziesmobs:frostmaw_spawn, HEADING, header:ignore, 0, 0, 0
169, idas:frozen_crypt, HEADING, header:ignore, 0, 0, 0
170, bosses_of_mass_destruction:gauntlet_arena, HEADING, header:ignore, 0, 0, 0
171, alexscaves:gingerbread_town, HEADING, header:ignore, 0, 0, 0
172, alexscaves:gingerbread_town, MONSTER, alexscaves:gingerbread_man, 80, 4, 4
173, inq:golden_floating_dungeon, HEADING, header:ignore, 0, 0, 0
174, inq:great_sky_island, HEADING, header:ignore, 0, 0, 0
175, windswept:grove_weathered_house, HEADING, header:ignore, 0, 0, 0
176, nova_structures:hamlet, HEADING, header:ignore, 0, 0, 0
177, idas:haunted_manor, HEADING, header:ignore, 0, 0, 0
178, idas:haunted_manor, MONSTER, quark:wraith, 10, 3, 4
179, healpgood:heartstructure, HEADING, header:ignore, 0, 0, 0
180, idas:hermits_hollow, HEADING, header:ignore, 0, 0, 0
181, idas:hunters_cabin, HEADING, header:ignore, 0, 0, 0
182, totw_reworked:ice, HEADING, header:ignore, 0, 0, 0
183, wan_ancient_beasts:ice_spike_castle, HEADING, header:ignore, 0, 0, 0
184, mostructures:ice_tower, HEADING, header:ignore, 0, 0, 0
185, mostructures:ice_tower, MONSTER, minecraft:stray, 10, 2, 2
186, mostructures:ice_tower, MONSTER, minecraft:creeper, 10, 1, 1
187, idas:iceandfire/dread_citadel, HEADING, header:ignore, 0, 0, 0
188, minecraft:igloo, HEADING, header:ignore, 0, 0, 0
189, nova_structures:illager_camp, HEADING, header:ignore, 0, 0, 0
190, nova_structures:illager_hideout, HEADING, header:ignore, 0, 0, 0
191, nova_structures:illager_manor, HEADING, header:ignore, 0, 0, 0
192, exquisito:inverted_ruins, HEADING, header:ignore, 0, 0, 0
193, totw_reworked:jungle, HEADING, header:ignore, 0, 0, 0
194, minecraft:jungle_pyramid, HEADING, header:ignore, 0, 0, 0
195, mostructures:jungle_pyramid, HEADING, header:ignore, 0, 0, 0
196, mostructures:jungle_pyramid, CREATURE, minecraft:parrot, 10, 3, 7
197, nova_structures:jungle_ruins, HEADING, header:ignore, 0, 0, 0
198, betterjungletemples:jungle_temple, HEADING, header:ignore, 0, 0, 0
199, mostructures:killer_bunny_castle, HEADING, header:ignore, 0, 0, 0
200, atmospheric:kousa_sanctum, HEADING, header:ignore, 0, 0, 0
201, integrated_villages:kutcha_village, HEADING, header:ignore, 0, 0, 0
202, eidolon:lab, HEADING, header:ignore, 0, 0, 0
203, dungeonnowloading:labyrinth, HEADING, header:ignore, 0, 0, 0
204, dungeonnowloading:labyrinth, MONSTER, minecraft:spider, 80, 4, 4
205, dungeonnowloading:labyrinth, MONSTER, minecraft:zombie, 80, 4, 4
206, dungeonnowloading:labyrinth, MONSTER, minecraft:zombie_villager, 10, 1, 1
207, dungeonnowloading:labyrinth, MONSTER, minecraft:skeleton, 80, 4, 4
208, dungeonnowloading:labyrinth, MONSTER, minecraft:creeper, 80, 4, 4
209, dungeonnowloading:labyrinth, MONSTER, minecraft:slime, 80, 4, 4
210, dungeonnowloading:labyrinth, MONSTER, minecraft:enderman, 10, 1, 4
211, dungeonnowloading:labyrinth, MONSTER, minecraft:witch, 10, 1, 1
212, dungeonnowloading:labyrinth, MONSTER, minecraft:drowned, 80, 4, 4
213, dungeonnowloading:labyrinth, AMBIENT, minecraft:bat, 10, 8, 8
214, dungeonnowloading:labyrinth, UNDERGROUND_WATER_CREATURE, minecraft:glow_squid, 10, 4, 6
215, idas:labyrinth, HEADING, header:ignore, 0, 0, 0
216, arboria:lake_bamboo_jungle, HEADING, header:ignore, 0, 0, 0
217, arboria:lake_birch, HEADING, header:ignore, 0, 0, 0
218, arboria:lake_dark_forest, HEADING, header:ignore, 0, 0, 0
219, arboria:lake_flower_forest, HEADING, header:ignore, 0, 0, 0
220, arboria:lake_forest, HEADING, header:ignore, 0, 0, 0
221, arboria:lake_frozen/common, HEADING, header:ignore, 0, 0, 0
222, arboria:lake_frozen/normal, HEADING, header:ignore, 0, 0, 0
223, arboria:lake_gravel/common, HEADING, header:ignore, 0, 0, 0
224, arboria:lake_gravel/large, HEADING, header:ignore, 0, 0, 0
225, arboria:lake_gravel/normal, HEADING, header:ignore, 0, 0, 0
226, arboria:lake_jungle, HEADING, header:ignore, 0, 0, 0
227, arboria:lake_lava, HEADING, header:ignore, 0, 0, 0
228, arboria:lake_meadow, HEADING, header:ignore, 0, 0, 0
229, arboria:lake_mushroom_fields, HEADING, header:ignore, 0, 0, 0
230, arboria:lake_old_birch, HEADING, header:ignore, 0, 0, 0
231, arboria:lake_old_pine_taiga, HEADING, header:ignore, 0, 0, 0
232, arboria:lake_old_spruce_taiga, HEADING, header:ignore, 0, 0, 0
233, arboria:lake_plains, HEADING, header:ignore, 0, 0, 0
234, arboria:lake_sand/common, HEADING, header:ignore, 0, 0, 0
235, arboria:lake_sand/large, HEADING, header:ignore, 0, 0, 0
236, arboria:lake_sand/normal, HEADING, header:ignore, 0, 0, 0
237, arboria:lake_savanna, HEADING, header:ignore, 0, 0, 0
238, arboria:lake_savanna_plateau, HEADING, header:ignore, 0, 0, 0
239, arboria:lake_snowy_plains, HEADING, header:ignore, 0, 0, 0
240, arboria:lake_snowy_taiga, HEADING, header:ignore, 0, 0, 0
241, arboria:lake_sparse_jungle, HEADING, header:ignore, 0, 0, 0
242, arboria:lake_sunflower_plains, HEADING, header:ignore, 0, 0, 0
243, arboria:lake_taiga, HEADING, header:ignore, 0, 0, 0
244, arboria:lake_windswept_savanna, HEADING, header:ignore, 0, 0, 0
245, species:libra, HEADING, header:ignore, 0, 0, 0
246, bosses_of_mass_destruction:lich_tower, HEADING, header:ignore, 0, 0, 0
247, alexscaves:licowitch_tower, HEADING, header:ignore, 0, 0, 0
248, alexscaves:licowitch_tower, MONSTER, alexscaves:licowitch, 70, 1, 1
249, alexscaves:licowitch_tower, MONSTER, minecraft:witch, 30, 1, 1
250, mostructures:lighthouse, HEADING, header:ignore, 0, 0, 0
251, environmental:log_cabin, HEADING, header:ignore, 0, 0, 0
252, idas:lumber_camp/lumber_camp_acacia, HEADING, header:ignore, 0, 0, 0
253, idas:lumber_camp/lumber_camp_birch, HEADING, header:ignore, 0, 0, 0
254, idas:lumber_camp/lumber_camp_bopmahogany, HEADING, header:ignore, 0, 0, 0
255, idas:lumber_camp/lumber_camp_bopredwood, HEADING, header:ignore, 0, 0, 0
256, idas:lumber_camp/lumber_camp_bygmahogany, HEADING, header:ignore, 0, 0, 0
257, idas:lumber_camp/lumber_camp_bygredwood, HEADING, header:ignore, 0, 0, 0
258, idas:lumber_camp/lumber_camp_dark_oak, HEADING, header:ignore, 0, 0, 0
259, idas:lumber_camp/lumber_camp_jungle, HEADING, header:ignore, 0, 0, 0
260, idas:lumber_camp/lumber_camp_oak, HEADING, header:ignore, 0, 0, 0
261, idas:lumber_camp/lumber_camp_spruce, HEADING, header:ignore, 0, 0, 0
262, ad_astra:lunar_tower, HEADING, header:ignore, 0, 0, 0
263, ad_astra:lunarian_village, HEADING, header:ignore, 0, 0, 0
264, nova_structures:mangrove_witch_hut, HEADING, header:ignore, 0, 0, 0
265, nova_structures:mangrove_witch_hut, MONSTER, minecraft:witch, 10, 1, 1
266, nova_structures:mangrove_witch_hut, CREATURE, minecraft:cat, 10, 1, 1
267, minecraft:mansion, HEADING, header:ignore, 0, 0, 0
268, autumnity:maple_hut, HEADING, header:ignore, 0, 0, 0
269, autumnity:maple_hut, MONSTER, minecraft:witch, 10, 1, 1
270, autumnity:maple_hut, CREATURE, minecraft:cat, 10, 1, 1
271, integrated_villages:marketstead_village, HEADING, header:ignore, 0, 0, 0
272, ad_astra:mars_temple, HEADING, header:ignore, 0, 0, 0
273, integrated_villages:mediterranean_village, HEADING, header:ignore, 0, 0, 0
274, netherexp:mega_fossil, HEADING, header:ignore, 0, 0, 0
275, netherexp:mega_fossil_campsite, HEADING, header:ignore, 0, 0, 0
276, netherexp:mega_fossil_campsite, MONSTER, minecraft:skeleton, 10, 1, 1
277, netherexp:mega_fossil_campsite, MONSTER, netherexp:vessel, 10, 1, 1
278, wan_ancient_beasts:mesa_temple, HEADING, header:ignore, 0, 0, 0
279, wan_ancient_beasts:mesa_temple_small, HEADING, header:ignore, 0, 0, 0
280, minecraft:mineshaft, HEADING, header:ignore, 0, 0, 0
281, minecraft:mineshaft, AMBIENT, alexsmobs:underminer, 50, 1, 1
282, bettermineshafts:mineshaft_acacia, HEADING, header:ignore, 0, 0, 0
283, bettermineshafts:mineshaft_acacia, AMBIENT, alexsmobs:underminer, 50, 1, 1
284, bettermineshafts:mineshaft_desert, HEADING, header:ignore, 0, 0, 0
285, bettermineshafts:mineshaft_desert, AMBIENT, alexsmobs:underminer, 50, 1, 1
286, bettermineshafts:mineshaft_dripstone, HEADING, header:ignore, 0, 0, 0
287, bettermineshafts:mineshaft_dripstone, AMBIENT, alexsmobs:underminer, 50, 1, 1
288, bettermineshafts:mineshaft_ice, HEADING, header:ignore, 0, 0, 0
289, bettermineshafts:mineshaft_ice, AMBIENT, alexsmobs:underminer, 50, 1, 1
290, bettermineshafts:mineshaft_jungle, HEADING, header:ignore, 0, 0, 0
291, bettermineshafts:mineshaft_jungle, AMBIENT, alexsmobs:underminer, 50, 1, 1
292, bettermineshafts:mineshaft_lush, HEADING, header:ignore, 0, 0, 0
293, bettermineshafts:mineshaft_lush, AMBIENT, alexsmobs:underminer, 50, 1, 1
294, bettermineshafts:mineshaft_mesa, HEADING, header:ignore, 0, 0, 0
295, bettermineshafts:mineshaft_mesa, AMBIENT, alexsmobs:underminer, 50, 1, 1
296, minecraft:mineshaft_mesa, HEADING, header:ignore, 0, 0, 0
297, minecraft:mineshaft_mesa, AMBIENT, alexsmobs:underminer, 50, 1, 1
298, bettermineshafts:mineshaft_mushroom, HEADING, header:ignore, 0, 0, 0
299, bettermineshafts:mineshaft_mushroom, AMBIENT, alexsmobs:underminer, 50, 1, 1
300, bettermineshafts:mineshaft_oak, HEADING, header:ignore, 0, 0, 0
301, bettermineshafts:mineshaft_oak, AMBIENT, alexsmobs:underminer, 50, 1, 1
302, bettermineshafts:mineshaft_overgrown, HEADING, header:ignore, 0, 0, 0
303, bettermineshafts:mineshaft_overgrown, AMBIENT, alexsmobs:underminer, 50, 1, 1
304, bettermineshafts:mineshaft_red_desert, HEADING, header:ignore, 0, 0, 0
305, bettermineshafts:mineshaft_red_desert, AMBIENT, alexsmobs:underminer, 50, 1, 1
306, bettermineshafts:mineshaft_spruce, HEADING, header:ignore, 0, 0, 0
307, bettermineshafts:mineshaft_spruce, AMBIENT, alexsmobs:underminer, 50, 1, 1
308, bettermineshafts:mineshaft_spruce_snowy, HEADING, header:ignore, 0, 0, 0
309, bettermineshafts:mineshaft_spruce_snowy, AMBIENT, alexsmobs:underminer, 50, 1, 1
310, mostructures:moai, HEADING, header:ignore, 0, 0, 0
311, mowziesmobs:monastery, HEADING, header:ignore, 0, 0, 0
312, mowziesmobs:monastery, MONSTER, mowziesmobs:bluff, 80, 1, 2
313, minecraft:monument, HEADING, header:ignore, 0, 0, 0
314, minecraft:monument, MONSTER, minecraft:guardian, 10, 2, 4
315, ad_astra:moon_dungeon, HEADING, header:ignore, 0, 0, 0
316, integrated_villages:mossy_mounds, HEADING, header:ignore, 0, 0, 0
317, idas:necromancers_spire, HEADING, header:ignore, 0, 0, 0
318, idas:necromancers_spire, MONSTER, quark:wraith, 10, 1, 1
319, minecraft:nether_fossil, HEADING, header:ignore, 0, 0, 0
320, minecraft:nether_fossil, MONSTER, alexsmobs:soul_vulture, 30, 1, 1
321, nova_structures:nether_keep, HEADING, header:ignore, 0, 0, 0
322, nova_structures:nether_keep, MONSTER, minecraft:blaze, 10, 2, 3
323, nova_structures:nether_keep, MONSTER, minecraft:zombified_piglin, 10, 4, 4
324, nova_structures:nether_keep, MONSTER, minecraft:wither_skeleton, 10, 5, 5
325, nova_structures:nether_keep, MONSTER, minecraft:skeleton, 10, 5, 5
326, nova_structures:nether_keep, MONSTER, minecraft:magma_cube, 10, 4, 4
327, nova_structures:nether_port, HEADING, header:ignore, 0, 0, 0
328, nova_structures:nether_port, MONSTER, minecraft:blaze, 10, 1, 2
329, nova_structures:nether_port, MONSTER, minecraft:zombified_piglin, 10, 1, 2
330, nova_structures:nether_port, MONSTER, minecraft:wither_skeleton, 10, 1, 3
331, nova_structures:nether_port, MONSTER, minecraft:skeleton, 10, 1, 5
332, nova_structures:nether_port, MONSTER, minecraft:magma_cube, 10, 1, 2
333, nova_structures:nether_skeleton_tower_basalt, HEADING, header:ignore, 0, 0, 0
334, nova_structures:nether_skeleton_tower_crimson, HEADING, header:ignore, 0, 0, 0
335, nova_structures:nether_skeleton_tower_soul, HEADING, header:ignore, 0, 0, 0
336, nova_structures:nether_skeleton_tower_warped, HEADING, header:ignore, 0, 0, 0
337, idas:nexus, HEADING, header:ignore, 0, 0, 0
338, idas:nexus, MONSTER, minecraft:silverfish, 10, 1, 4
339, idas:nexus, MONSTER, quark:wraith, 10, 1, 4
340, integrated_villages:oasis_village, HEADING, header:ignore, 0, 0, 0
341, bosses_of_mass_destruction:obsidilith_arena, HEADING, header:ignore, 0, 0, 0
342, totw_reworked:ocean, HEADING, header:ignore, 0, 0, 0
343, betteroceanmonuments:ocean_monument, HEADING, header:ignore, 0, 0, 0
344, betteroceanmonuments:ocean_monument, MONSTER, minecraft:guardian, 10, 2, 4
345, minecraft:ocean_ruin_cold, HEADING, header:ignore, 0, 0, 0
346, minecraft:ocean_ruin_warm, HEADING, header:ignore, 0, 0, 0
347, alexscaves:ocean_trench, HEADING, header:ignore, 0, 0, 0
348, totw_reworked:ocean_warm, HEADING, header:ignore, 0, 0, 0
349, spawn:octopolis, HEADING, header:ignore, 0, 0, 0
350, ad_astra:oil_well, HEADING, header:ignore, 0, 0, 0
351, species:paleontology_dig_site, HEADING, header:ignore, 0, 0, 0
352, nova_structures:piglin_camp, HEADING, header:ignore, 0, 0, 0
353, nova_structures:piglin_outstation, HEADING, header:ignore, 0, 0, 0
354, nova_structures:piglin_outstation, MONSTER, minecraft:piglin, 10, 1, 1
355, idas:pillager_camp, HEADING, header:ignore, 0, 0, 0
356, mostructures:pillager_factory, HEADING, header:ignore, 0, 0, 0
357, mostructures:pillager_factory, MONSTER, minecraft:pillager, 10, 1, 1
358, idas:pillager_fortress, HEADING, header:ignore, 0, 0, 0
359, mostructures:pillager_mines, HEADING, header:ignore, 0, 0, 0
360, mostructures:pillager_mines, MONSTER, minecraft:pillager, 10, 2, 4
361, minecraft:pillager_outpost, HEADING, header:ignore, 0, 0, 0
362, minecraft:pillager_outpost, MONSTER, minecraft:pillager, 10, 1, 1
363, windswept:pine_totem, HEADING, header:ignore, 0, 0, 0
364, galosphere:pink_salt_shrine, HEADING, header:ignore, 0, 0, 0
365, mostructures:pirate_ship, HEADING, header:ignore, 0, 0, 0
366, integrated_villages:pirate_village, HEADING, header:ignore, 0, 0, 0
367, mostructures:plains_abandoned_church, HEADING, header:ignore, 0, 0, 0
368, mostructures:plains_abandoned_church, MONSTER, minecraft:zombie, 10, 3, 7
369, ad_astra:pygro_tower, HEADING, header:ignore, 0, 0, 0
370, ad_astra:pygro_village, HEADING, header:ignore, 0, 0, 0
371, integrated_villages:quark/minka_village, HEADING, header:ignore, 0, 0, 0
372, farmers_structures:quark_glimer, HEADING, header:ignore, 0, 0, 0
373, farmers_structures:quark_jungle, HEADING, header:ignore, 0, 0, 0
374, farmers_structures:quark_moss, HEADING, header:ignore, 0, 0, 0
375, farmers_structures:quark_slime, HEADING, header:ignore, 0, 0, 0
376, idas:redhorn_guild, HEADING, header:ignore, 0, 0, 0
377, totw_reworked:regular, HEADING, header:ignore, 0, 0, 0
378, ribbits:ribbit_village, HEADING, header:ignore, 0, 0, 0
379, dungeonsdelight:rotten_dungeon, HEADING, header:ignore, 0, 0, 0
380, nova_structures:ruin_town, HEADING, header:ignore, 0, 0, 0
381, minecraft:ruined_portal, HEADING, header:ignore, 0, 0, 0
382, minecraft:ruined_portal_desert, HEADING, header:ignore, 0, 0, 0
383, minecraft:ruined_portal_jungle, HEADING, header:ignore, 0, 0, 0
384, minecraft:ruined_portal_mountain, HEADING, header:ignore, 0, 0, 0
385, minecraft:ruined_portal_nether, HEADING, header:ignore, 0, 0, 0
386, minecraft:ruined_portal_ocean, HEADING, header:ignore, 0, 0, 0
387, minecraft:ruined_portal_swamp, HEADING, header:ignore, 0, 0, 0
388, idas:ruins_of_the_deep, HEADING, header:ignore, 0, 0, 0
389, netherexp:sanctum, HEADING, header:ignore, 0, 0, 0
390, netherexp:sanctum, MONSTER, minecraft:skeleton, 10, 1, 3
391, netherexp:sanctum, MONSTER, netherexp:vessel, 10, 1, 2
392, netherexp:sanctum, MONSTER, netherexp:banshee, 10, 1, 1
393, netherexp:sanctum, MONSTER, netherexp:apparition, 10, 1, 1
394, mostructures:savanna_abandoned_church, HEADING, header:ignore, 0, 0, 0
395, mostructures:savanna_abandoned_church, MONSTER, minecraft:zombie, 10, 3, 7
396, minecraft:shipwreck, HEADING, header:ignore, 0, 0, 0
397, minecraft:shipwreck, MONSTER, alexsmobs:skelewag, 15, 1, 2
398, minecraft:shipwreck_beached, HEADING, header:ignore, 0, 0, 0
399, nova_structures:skeleton_camp_crimson, HEADING, header:ignore, 0, 0, 0
400, nova_structures:skeleton_camp_soul, HEADING, header:ignore, 0, 0, 0
401, nova_structures:skeleton_camp_warped, HEADING, header:ignore, 0, 0, 0
402, nova_structures:skeleton_camp_waste, HEADING, header:ignore, 0, 0, 0
403, betterdungeons:skeleton_dungeon, HEADING, header:ignore, 0, 0, 0
404, betterdungeons:skeleton_dungeon, MONSTER, minecraft:skeleton, 80, 4, 15
405, cloudstorage:sky_temple, HEADING, header:ignore, 0, 0, 0
406, inq:skyarena, HEADING, header:ignore, 0, 0, 0
407, skyvillages:skyvillage, HEADING, header:ignore, 0, 0, 0
408, betterdungeons:small_dungeon, HEADING, header:ignore, 0, 0, 0
409, betterdungeons:small_nether_dungeon, HEADING, header:ignore, 0, 0, 0
410, idas:snifferhenge, HEADING, header:ignore, 0, 0, 0
411, mostructures:snowy_abandoned_church, HEADING, header:ignore, 0, 0, 0
412, mostructures:snowy_abandoned_church, MONSTER, minecraft:zombie, 10, 3, 7
413, windswept:snowy_pine_totem, HEADING, header:ignore, 0, 0, 0
414, alexscaves:soda_bottle, HEADING, header:ignore, 0, 0, 0
415, species:spectralibur_chamber, HEADING, header:ignore, 0, 0, 0
416, betterdungeons:spider_dungeon, HEADING, header:ignore, 0, 0, 0
417, betterdungeons:spider_dungeon, MONSTER, minecraft:spider, 80, 4, 15
418, betterdungeons:spider_dungeon, MONSTER, minecraft:cave_spider, 50, 4, 8
419, nova_structures:stray_fort, HEADING, header:ignore, 0, 0, 0
420, nova_structures:stray_fort, MONSTER, minecraft:stray, 10, 1, 32
421, eidolon:stray_tower, HEADING, header:ignore, 0, 0, 0
422, eidolon:stray_tower, MONSTER, minecraft:stray, 30, 1, 5
423, integrated_stronghold:stronghold, HEADING, header:ignore, 0, 0, 0
424, integrated_stronghold:stronghold, MONSTER, minecraft:silverfish, 10, 1, 1
425, integrated_stronghold:stronghold, MONSTER, minecraft:enderman, 10, 1, 1
426, integrated_stronghold:stronghold, MONSTER, alexsmobs:underminer, 10, 1, 1
427, minecraft:stronghold, HEADING, header:ignore, 0, 0, 0
428, idas:sunken_ship/sunken_ship, HEADING, header:ignore, 0, 0, 0
429, idas:sunken_ship/sunken_ship, MONSTER, quark:wraith, 10, 1, 2
430, idas:sunken_ship/sunken_ship_coral, HEADING, header:ignore, 0, 0, 0
431, idas:sunken_ship/sunken_ship_coral, MONSTER, quark:wraith, 10, 1, 2
432, idas:sunken_ship/sunken_ship_ruins, HEADING, header:ignore, 0, 0, 0
433, farmers_structures:sushi, HEADING, header:ignore, 0, 0, 0
434, minecraft:swamp_hut, HEADING, header:ignore, 0, 0, 0
435, minecraft:swamp_hut, MONSTER, minecraft:witch, 10, 1, 1
436, minecraft:swamp_hut, CREATURE, minecraft:cat, 10, 1, 1
437, mostructures:taiga_abandoned_church, HEADING, header:ignore, 0, 0, 0
438, mostructures:taiga_abandoned_church, MONSTER, minecraft:zombie, 10, 3, 7
439, mostructures:tavern, HEADING, header:ignore, 0, 0, 0
440, nova_structures:tavern_acacia, HEADING, header:ignore, 0, 0, 0
441, nova_structures:tavern_birch, HEADING, header:ignore, 0, 0, 0
442, nova_structures:tavern_cherry, HEADING, header:ignore, 0, 0, 0
443, nova_structures:tavern_dark_oak, HEADING, header:ignore, 0, 0, 0
444, nova_structures:tavern_desert, HEADING, header:ignore, 0, 0, 0
445, nova_structures:tavern_jungle, HEADING, header:ignore, 0, 0, 0
446, nova_structures:tavern_mangrove, HEADING, header:ignore, 0, 0, 0
447, nova_structures:tavern_oak, HEADING, header:ignore, 0, 0, 0
448, nova_structures:tavern_snowy, HEADING, header:ignore, 0, 0, 0
449, nova_structures:tavern_spruce, HEADING, header:ignore, 0, 0, 0
450, nova_structures:tavern_swamp, HEADING, header:ignore, 0, 0, 0
451, integrated_villages:tavern_village, HEADING, header:ignore, 0, 0, 0
452, dungeonnowloading:temple_of_duality, HEADING, header:ignore, 0, 0, 0
453, mostructures:the_castle_in_the_sky, HEADING, header:ignore, 0, 0, 0
454, idas:tinkers_citadel, HEADING, header:ignore, 0, 0, 0
455, idas:tinkers_workshop, HEADING, header:ignore, 0, 0, 0
456, minecraft:trail_ruins, HEADING, header:ignore, 0, 0, 0
457, idas:train_ruins, HEADING, header:ignore, 0, 0, 0
458, idas:tree_of_wisdom, HEADING, header:ignore, 0, 0, 0
459, idas:treetop_tavern, HEADING, header:ignore, 0, 0, 0
460, trials:trials_chambers, HEADING, header:ignore, 0, 0, 0
461, mowziesmobs:umvuthana_grove, HEADING, header:ignore, 0, 0, 0
462, nova_structures:undead_crypt, HEADING, header:ignore, 0, 0, 0
463, farmers_structures:undergarden_sea, HEADING, header:ignore, 0, 0, 0
464, alexscaves:underground_cabin, HEADING, header:ignore, 0, 0, 0
465, idas:underground_camp/underground_camp, HEADING, header:ignore, 0, 0, 0
466, idas:underground_camp/underground_camp_deep, HEADING, header:ignore, 0, 0, 0
467, nova_structures:underground_house, HEADING, header:ignore, 0, 0, 0
468, paradise_lost:vault, HEADING, header:ignore, 0, 0, 0
469, ad_astra:venus_bullet, HEADING, header:ignore, 0, 0, 0
470, natures_spirit:village_adobe, HEADING, header:ignore, 0, 0, 0
471, natures_spirit:village_coconut, HEADING, header:ignore, 0, 0, 0
472, natures_spirit:village_cypress, HEADING, header:ignore, 0, 0, 0
473, minecraft:village_desert, HEADING, header:ignore, 0, 0, 0
474, windswept:village_frozen, HEADING, header:ignore, 0, 0, 0
475, nova_structures:village_jungle, HEADING, header:ignore, 0, 0, 0
476, joshie:village_ocean, HEADING, header:ignore, 0, 0, 0
477, minecraft:village_plains, HEADING, header:ignore, 0, 0, 0
478, minecraft:village_savanna, HEADING, header:ignore, 0, 0, 0
479, atmospheric:village_scrubland, HEADING, header:ignore, 0, 0, 0
480, minecraft:village_snowy, HEADING, header:ignore, 0, 0, 0
481, nova_structures:village_swamp, HEADING, header:ignore, 0, 0, 0
482, minecraft:village_taiga, HEADING, header:ignore, 0, 0, 0
483, natures_spirit:village_wisteria, HEADING, header:ignore, 0, 0, 0
484, mostructures:villager_market, HEADING, header:ignore, 0, 0, 0
485, mostructures:villager_tower, HEADING, header:ignore, 0, 0, 0
486, bosses_of_mass_destruction:void_blossom, HEADING, header:ignore, 0, 0, 0
487, alexscaves:volcano, HEADING, header:ignore, 0, 0, 0
488, idas:washing_camp, HEADING, header:ignore, 0, 0, 0
489, supplementaries:way_sign, HEADING, header:ignore, 0, 0, 0
490, paradise_lost:well, HEADING, header:ignore, 0, 0, 0
491, nova_structures:well_birch, HEADING, header:ignore, 0, 0, 0
492, nova_structures:well_dark_oak, HEADING, header:ignore, 0, 0, 0
493, nova_structures:well_jungle, HEADING, header:ignore, 0, 0, 0
494, nova_structures:well_oak, HEADING, header:ignore, 0, 0, 0
495, nova_structures:well_savana, HEADING, header:ignore, 0, 0, 0
496, nova_structures:well_spruce, HEADING, header:ignore, 0, 0, 0
497, nova_structures:wild_ruin, HEADING, header:ignore, 0, 0, 0
498, idas:winter_wagon, HEADING, header:ignore, 0, 0, 0
499, nova_structures:witch_villa, HEADING, header:ignore, 0, 0, 0
500, idas:witches_treestump, HEADING, header:ignore, 0, 0, 0
501, idas:witches_treestump, MONSTER, minecraft:witch, 10, 1, 1
502, idas:witches_treestump, CREATURE, minecraft:cat, 10, 1, 1
503, idas:wizard_tower, HEADING, header:ignore, 0, 0, 0
504, species:wraptor_coop, HEADING, header:ignore, 0, 0, 0
505, mowziesmobs:wrought_chamber, HEADING, header:ignore, 0, 0, 0
506, betterdungeons:zombie_dungeon, HEADING, header:ignore, 0, 0, 0
507, betterdungeons:zombie_dungeon, MONSTER, minecraft:zombie, 80, 4, 15
