[2025-10-12 22:06:11.108] [INFO] [dev.kostromdan.mods.crash_assistant.app.CrashAssistantApp]: CrashAssistantApp running: JVM args: [-XX:+UseSerialGC, -XX:MaxHeapFreeRatio=30, -XX:MinHeapFreeRatio=10, -XX:MaxGCPauseMillis=10000, -Xms8m, -Xmx512m]
[2025-10-12 22:06:11.113] [INFO] [dev.kostromdan.mods.crash_assistant.app.CrashAssistantApp]: CrashAssistantApp running: program args: [-jarPath, local\crash_assistant\40392_1760331958766_app.jar, -parentPID, 40392, -parentStarted, 1760331958766, -platform, FORGE, -loaderJarName, fmlloader-1.20.1-47.4.0.jar, -minecraftVersion, 1.20.1, -childProcessesPIDs, VU5ERUZJTkVE, -crashAssistantModJarName, CrashAssistant-forge-1.19-1.20.1-1.10.4.jar, -classPath, local\crash_assistant\40392_1760331958766_app.jar;local\crash_assistant\40392_1760331958766_mod.jar;C:\Users\Liam\AppData\Roaming\ModrinthApp\meta\libraries\org\apache\logging\log4j\log4j-api\2.19.0\log4j-api-2.19.0.jar;C:\Users\Liam\AppData\Roaming\ModrinthApp\meta\libraries\org\apache\logging\log4j\log4j-core\2.19.0\log4j-core-2.19.0.jar;C:\Users\Liam\AppData\Roaming\ModrinthApp\meta\libraries\com\google\code\gson\gson\2.10\gson-2.10.jar;C:\Users\Liam\AppData\Roaming\ModrinthApp\meta\libraries\commons-io\commons-io\2.11.0\commons-io-2.11.0.jar;C:\Users\Liam\AppData\Roaming\ModrinthApp\meta\libraries\net\java\dev\jna\jna\5.12.1\jna-5.12.1.jar;C:\Users\Liam\AppData\Roaming\ModrinthApp\meta\libraries\net\java\dev\jna\jna-platform\5.12.1\jna-platform-5.12.1.jar, -parentXms, unknown, -parentXmx, 8192M, -systemRAM, 15.9g, -processor, QU1EIFJ5emVuIDkgMzkwMFggMTItQ29yZSBQcm9jZXNzb3IgICAgICAgICAgICA=, -serialisedGPUs, VnVsa2FuIEdQVSBkZXRlY3Rpb24gYWRkb24gbm90IGZvdW5kLCBmYWxsaW5nIGJhY2sgdG8gRGlyZWN0WApTdWNjZXNzZnVsbHkgZGV0ZWN0ZWQgR1BVcyB1c2luZyBEaXJlY3RYOgpERURJQ0FURUQgOiBOVklESUEgR2VGb3JjZSBSVFggNDA3MAoNCg==]
[2025-10-12 22:06:11.115] [INFO] [dev.kostromdan.mods.crash_assistant.app.CrashAssistantApp]: CrashAssistantApp running from: C:\Users\Liam\AppData\Roaming\ModrinthApp\profiles\Inquisitive-main
[2025-10-12 22:06:11.115] [INFO] [dev.kostromdan.mods.crash_assistant.app.CrashAssistantApp]: crashAssistantJarName: CrashAssistant-forge-1.19-1.20.1-1.10.4.jar
[2025-10-12 22:06:11.115] [INFO] [dev.kostromdan.mods.crash_assistant.app.CrashAssistantApp]: Parent PID: 40392
[2025-10-12 22:06:11.115] [INFO] [dev.kostromdan.mods.crash_assistant.app.CrashAssistantApp]: Parent started: 1760331958766
[2025-10-12 22:06:11.120] [INFO] [dev.kostromdan.mods.crash_assistant.app.CrashAssistantApp]: Platform: FORGE
[2025-10-12 22:06:11.120] [INFO] [dev.kostromdan.mods.crash_assistant.app.CrashAssistantApp]: loaderJarName: fmlloader-1.20.1-47.4.0.jar
[2025-10-12 22:06:11.120] [INFO] [dev.kostromdan.mods.crash_assistant.app.CrashAssistantApp]: minecraftVersion: 1.20.1
[2025-10-12 22:06:11.120] [INFO] [dev.kostromdan.mods.crash_assistant.app.CrashAssistantApp]: childProcessesPIDs: UNDEFINED
[2025-10-12 22:06:11.122] [INFO] [dev.kostromdan.mods.crash_assistant.app.CrashAssistantApp]: parentXms: unknown
[2025-10-12 22:06:11.122] [INFO] [dev.kostromdan.mods.crash_assistant.app.CrashAssistantApp]: parentXmx: 8192M
[2025-10-12 22:06:11.122] [INFO] [dev.kostromdan.mods.crash_assistant.app.CrashAssistantApp]: systemRAM: 15.9g
[2025-10-12 22:06:11.122] [INFO] [dev.kostromdan.mods.crash_assistant.app.CrashAssistantApp]: processor: AMD Ryzen 9 3900X 12-Core Processor            
[2025-10-12 22:06:11.123] [INFO] [dev.kostromdan.mods.crash_assistant.app.CrashAssistantApp]: Boot.serialisedGPUs:
Vulkan GPU detection addon not found, falling back to DirectX
Successfully detected GPUs using DirectX:
DEDICATED : NVIDIA GeForce RTX 4070


[2025-10-12 22:06:11.123] [INFO] [dev.kostromdan.mods.crash_assistant.app.CrashAssistantApp]: os.name: windows 11
[2025-10-12 22:06:11.128] [INFO] [dev.kostromdan.mods.crash_assistant.app.CrashAssistantApp]: Java path: C:\Users\Liam\AppData\Roaming\ModrinthApp\meta\java_versions\zulu17.44.53-ca-jre17.0.8.1-win_x64\bin\javaw.exe
[2025-10-12 22:06:11.128] [INFO] [dev.kostromdan.mods.crash_assistant.app.CrashAssistantApp]: Java version: 17.0.8.1+1-LTS
[2025-10-12 22:06:11.174] [INFO] [dev.kostromdan.mods.crash_assistant.app.CrashAssistantApp]: CrashAssistantApp started successfully. Waiting for PID 40392 to stop.
[2025-10-12 22:07:21.906] [INFO] [dev.kostromdan.mods.crash_assistant.app.CrashAssistantApp]: Minecraft is running on renderer:
NVIDIA GeForce RTX 4070/PCIe/SSE2
[2025-10-12 22:37:32.009] [INFO] [dev.kostromdan.mods.crash_assistant.app.CrashAssistantApp]: PID "40392" is not alive or reused by another process. Minecraft JVM appears to have stopped.
[2025-10-12 22:37:32.158] [INFO] [dev.kostromdan.mods.crash_assistant.app.CrashAssistantApp]: Adding latest.log from C:\Users\Liam\AppData\Roaming\ModrinthApp\profiles\Inquisitive-main\logs\latest.log
[2025-10-12 22:37:32.187] [INFO] [dev.kostromdan.mods.crash_assistant.app.CrashAssistantApp]: Adding launcher_log.txt from C:\Users\Liam\AppData\Roaming\ModrinthApp\profiles\Inquisitive-main\logs\launcher_log.txt
[2025-10-12 22:37:32.390] [INFO] [dev.kostromdan.mods.crash_assistant.app.CrashAssistantApp]: Adding session_20251012_211324.log from C:\Users\Liam\AppData\Roaming\ModrinthApp\profiles\Inquisitive-main\..\..\launcher_logs\session_20251012_211324.log
[2025-10-12 22:37:32.402] [INFO] [dev.kostromdan.mods.crash_assistant.app.CrashAssistantApp]: Adding KubeJS: client.log from C:\Users\Liam\AppData\Roaming\ModrinthApp\profiles\Inquisitive-main\logs\kubejs\client.log
[2025-10-12 22:37:32.407] [INFO] [dev.kostromdan.mods.crash_assistant.app.CrashAssistantApp]: Adding KubeJS: server.log from C:\Users\Liam\AppData\Roaming\ModrinthApp\profiles\Inquisitive-main\logs\kubejs\server.log
[2025-10-12 22:37:32.411] [INFO] [dev.kostromdan.mods.crash_assistant.app.CrashAssistantApp]: Adding KubeJS: startup.log from C:\Users\Liam\AppData\Roaming\ModrinthApp\profiles\Inquisitive-main\logs\kubejs\startup.log
[2025-10-12 22:37:32.413] [INFO] [dev.kostromdan.mods.crash_assistant.app.CrashAssistantApp]: Adding rei.log from C:\Users\Liam\AppData\Roaming\ModrinthApp\profiles\Inquisitive-main\logs\rei.log
[2025-10-12 22:37:32.416] [INFO] [dev.kostromdan.mods.crash_assistant.app.CrashAssistantApp]: Adding rei-issues.log from C:\Users\Liam\AppData\Roaming\ModrinthApp\profiles\Inquisitive-main\logs\rei-issues.log
[2025-10-12 22:37:32.420] [INFO] [dev.kostromdan.mods.crash_assistant.app.CrashAssistantApp]: Adding crash_assistant_app.log from C:\Users\Liam\AppData\Roaming\ModrinthApp\profiles\Inquisitive-main\logs\crash_assistant\crash_assistant_app.log
[2025-10-12 22:37:32.421] [INFO] [dev.kostromdan.mods.crash_assistant.app.CrashAssistantApp]: Reached first tick of TitleScreen: true
[2025-10-12 22:37:32.422] [INFO] [dev.kostromdan.mods.crash_assistant.app.CrashAssistantApp]: Joined world successfully: true
[2025-10-12 22:37:32.422] [INFO] [dev.kostromdan.mods.crash_assistant.app.CrashAssistantApp]: stop() function of Minecraft fired: true
[2025-10-12 22:37:32.422] [INFO] [dev.kostromdan.mods.crash_assistant.app.CrashAssistantApp]: close() function of Minecraft failed: false
[2025-10-12 22:37:32.423] [INFO] [dev.kostromdan.mods.crash_assistant.app.CrashAssistantApp]: emergencySave() function of Minecraft fired: false
[2025-10-12 22:37:32.431] [INFO] [dev.kostromdan.mods.crash_assistant.app.CrashAssistantApp]: isModpackCreator: true
[2025-10-12 22:37:32.433] [INFO] [dev.kostromdan.mods.crash_assistant.app.CrashAssistantApp]: isHelpLinkDefault: false
[2025-10-12 22:37:32.436] [INFO] [dev.kostromdan.mods.crash_assistant.app.CrashAssistantApp]: helpLink: https://discord.gg/PXS33fEM2e
[2025-10-12 22:37:32.438] [INFO] [dev.kostromdan.mods.crash_assistant.app.CrashAssistantApp]: Seems like Minecraft finished normally. Trying to locate terminated processes and Exiting Crash Assistant app.
